// Jest Snapshot v1, https://goo.gl/fbAQLP

exports[`renders correctly with no data 1`] = `null`;
